node.exe : D:\Projects\Nuxtjs\publisher-mall\node_modules\ts-node\src\index.ts:859
위치 줄:1 문자:1
+ & "C:\Program Files\nodejs/node.exe" "C:\Program Files\nodejs/node_mo ...
+ ~~~~~~~~~~~~~~~~~~~~~~~~~~~~~~~~~~~~~~~~~~~~~~~~~~~~~~~~~~~~~~~~~~~~~
    + CategoryInfo          : NotSpecified: (D:\Projects\Nux...rc\index.ts:859:String) [], RemoteException
    + FullyQualifiedErrorId : NativeCommandError
 
    return new TSError(diagnosticText, diagnosticCodes, diagnostics);
           ^
TSError: 殊?Unable to compile TypeScript:
digital-material.plugin.ts(95,23): error TS2339: Property 'subscribe' does not exist on type 'EventBus'.
digital-material.plugin.ts(103,67): error TS2345: Argument of type 'string' is not assignable to parameter of type 'Type<VendureEntity>'.
digital-material.plugin.ts(107,20): error TS2339: Property 'customer' does not exist on type 'VendureEntity'.
digital-material.plugin.ts(119,47): error TS2339: Property 'customer' does not exist on type 'VendureEntity'.
digital-material.plugin.ts(127,45): error TS2339: Property 'customer' does not exist on type 'VendureEntity'.
digital-material.plugin.ts(132,82): error TS2339: Property 'customer' does not exist on type 'VendureEntity'.

    at createTSError (D:\Projects\Nuxtjs\publisher-mall\node_modules\ts-node\src\index.ts:859:12)
    at reportTSError (D:\Projects\Nuxtjs\publisher-mall\node_modules\ts-node\src\index.ts:863:19)
    at getOutput (D:\Projects\Nuxtjs\publisher-mall\node_modules\ts-node\src\index.ts:1077:36)
    at Object.compile (D:\Projects\Nuxtjs\publisher-mall\node_modules\ts-node\src\index.ts:1433:41)
    at Module.m._compile (D:\Projects\Nuxtjs\publisher-mall\node_modules\ts-node\src\index.ts:1617:30)
    at node:internal/modules/cjs/loader:1839:10
    at Object.require.extensions.<computed> [as .ts] (D:\Projects\Nuxtjs\publisher-mall\node_modules\ts-node\src\index.ts:1621:12)
    at Module.load (node:internal/modules/cjs/loader:1441:32)
    at Function._load (node:internal/modules/cjs/loader:1263:12)
    at TracingChannel.traceSync (node:diagnostics_channel:328:14) {
  diagnosticCodes: [ 2339, 2345, 2339, 2339, 2339, 2339 ]
}
